../Core/Src/main.c:83:5:main	8	static
../Core/Src/main.c:137:6:SystemClock_Config	88	static
../Core/Src/main.c:184:13:MX_SPI1_Init	8	static
../Core/Src/main.c:223:13:MX_TIM1_Init	120	static
../Core/Src/main.c:317:13:MX_TIM3_Init	56	static
../Core/Src/main.c:366:13:MX_TIM4_Init	56	static
../Core/Src/main.c:415:13:MX_UART4_Init	8	static
../Core/Src/main.c:463:13:MX_UART5_Init	8	static
../Core/Src/main.c:511:13:MX_GPIO_Init	56	static
../Core/Src/main.c:583:6:Error_Handler	4	static,ignoring_inline_asm
