../Core/Src/main.c:83:5:main	8	static
../Core/Src/main.c:135:6:SystemClock_Config	88	static
../Core/Src/main.c:182:13:MX_SPI1_Init	8	static
../Core/Src/main.c:221:13:MX_TIM1_Init	120	static
../Core/Src/main.c:315:13:MX_TIM3_Init	56	static
../Core/Src/main.c:364:13:MX_TIM4_Init	56	static
../Core/Src/main.c:413:13:MX_UART4_Init	8	static
../Core/Src/main.c:461:13:MX_UART5_Init	8	static
../Core/Src/main.c:509:13:MX_GPIO_Init	56	static
../Core/Src/main.c:581:6:Error_Handler	4	static,ignoring_inline_asm
