../Core/Src/main.c:82:5:main	8	static
../Core/Src/main.c:134:6:SystemClock_Config	88	static
../Core/Src/main.c:181:13:MX_SPI1_Init	8	static
../Core/Src/main.c:220:13:MX_TIM1_Init	120	static
../Core/Src/main.c:314:13:MX_TIM3_Init	56	static
../Core/Src/main.c:363:13:MX_TIM4_Init	56	static
../Core/Src/main.c:412:13:MX_UART4_Init	8	static
../Core/Src/main.c:460:13:MX_UART5_Init	8	static
../Core/Src/main.c:508:13:MX_GPIO_Init	56	static
../Core/Src/main.c:563:6:Error_Handler	4	static,ignoring_inline_asm
