../Core/Src/main.c:95:5:main	8	static
../Core/Src/main.c:171:6:SystemClock_Config	88	static
../Core/Src/main.c:218:13:MX_SPI1_Init	8	static
../Core/Src/main.c:257:13:MX_TIM1_Init	120	static
../Core/Src/main.c:351:13:MX_TIM3_Init	56	static
../Core/Src/main.c:400:13:MX_TIM4_Init	56	static
../Core/Src/main.c:449:13:MX_UART4_Init	8	static
../Core/Src/main.c:497:13:MX_UART5_Init	8	static
../Core/Src/main.c:545:13:MX_GPIO_Init	56	static
../Core/Src/main.c:598:6:fill_the_buffer	48	dynamic
../Core/Src/main.c:672:6:rot	16	static
../Core/Src/main.c:708:6:rotang	32	static
../Core/Src/main.c:742:9:extractValueFromCommand	24	static
../Core/Src/main.c:765:6:Error_Handler	4	static,ignoring_inline_asm
